<html>
<body>
<pre>
<h1>µVision Build Log</h1>
<h2>Project:</h2>
E:\gitcafe\Mintest-OS-STM32\USER\MintOS.uvproj
Project File Date:  05/07/2014

<h2>Output:</h2>
Build target 'MintOS'
compiling main.c...
compiling stm32f10x_it.c...
compiling bsp.c...
compiling led.c...
compiling usart1.c...
compiling m_app.c...
assembling m_port_a.s...
compiling m_port.c...
compiling m_task.c...
compiling m_core.c...
compiling m_time.c...
compiling stm32f10x_gpio.c...
compiling stm32f10x_rcc.c...
compiling stm32f10x_usart.c...
compiling misc.c...
compiling core_cm3.c...
compiling system_stm32f10x.c...
assembling startup_stm32f10x_md.s...
linking...
Program Size: Code=6164 RO-data=308 RW-data=72 ZI-data=5088  
"..\OUTPUT\MintOS.axf" - 0 Error(s), 0 Warning(s).
